// Jest Snapshot v1, https://goo.gl/fbAQLP

exports[`should render ExpenseListItem with provided expense 1`] = `
<div>
  <Link
    replace={false}
    to="/edit/1"
  >
     
    <h3>
      Credit Card Bill
    </h3>
     
  </Link>
  <p>
    ₹10,000.00
    -
    December 28th, 1969
  </p>
</div>
`;
